+bchr8v.afm;fonts/afm/vntex/chartervn;
+uplbi8v.afm;fonts/afm/vntex/urwvn;
+vnssdc10.tfm;fonts/tfm/vntex/vnr;
+vnitt10.mf;fonts/source/vntex/vnr;
+bchb8v.afm;fonts/afm/vntex/chartervn;
+vnbx12.mf;fonts/source/vntex/vnr;
+uagd8v.afm;fonts/afm/vntex/urwvn;
+vnbxti10.pfb;fonts/type1/vntex/vnr;
+bchri8v.afm;fonts/afm/vntex/chartervn;
+vnbx9.mf;fonts/source/vntex/vnr;
+t5cmr.fd;tex/latex/vntex;
+ugqb8v.pfb;fonts/type1/vntex/grotesqvn;
+bchbi8v.afm;fonts/afm/vntex/chartervn;
+vncmbrsl9.tfm;fonts/tfm/vntex/cmbrightvn;
+uzcmi8v.afm;fonts/afm/vntex/urwvn;
+uagdo8v.afm;fonts/afm/vntex/urwvn;
+uhvbo8v.afm;fonts/afm/vntex/urwvn;
+vnbx8.mf;fonts/source/vntex/vnr;
+putr8v.tfm;fonts/tfm/vntex/vntopia;
+ugqb8v.afm;fonts/afm/vntex/grotesqvn;
+t5utm.fd;tex/latex/vntex;
+vnss9.tfm;fonts/tfm/vntex/vnr;
+vnbx10.mf;fonts/source/vntex/vnr;
+t5cmfr.fd;tex/latex/vntex;
+t5ccr.fd;tex/latex/vntex;
+ucrbo8v.afm;fonts/afm/vntex/urwvn;
+t5ppl.fd;tex/latex/vntex;
+fplrc8v.afm;fonts/afm/vntex/urwvn;
+t5pcr.fd;tex/latex/vntex;
+urwvn.map;fonts/map/dvips/vntex;
+uplri8v.tfm;fonts/tfm/vntex/urwvn;
+uhvro8v.afm;fonts/afm/vntex/urwvn;
+uagk8v.afm;fonts/afm/vntex/urwvn;
+vnss10.mf;fonts/source/vntex/vnr;
+utmbi8v.afm;fonts/afm/vntex/urwvn;
+putbi8v.afm;fonts/afm/vntex/vntopia;
+vnb10.mf;fonts/source/vntex/vnr;
+vnr5.tfm;fonts/tfm/vntex/vnr;
+uagko8v.afm;fonts/afm/vntex/urwvn;
+vps.def;tex/latex/vntex;
+ubkd8v.afm;fonts/afm/vntex/urwvn;
+uagk8v.pfb;fonts/type1/vntex/urwvn;
+vnvtt10.tfm;fonts/tfm/vntex/vnr;
+vncmbr9.tfm;fonts/tfm/vntex/cmbrightvn;
+vnlor.mf;fonts/source/vntex/vnr;
+ubkdi8v.afm;fonts/afm/vntex/urwvn;
+grotesqvn.map;fonts/map/dvips/vntex;
+t5mdbch.fd;tex/latex/vntex;
+uhvr8v.afm;fonts/afm/vntex/urwvn;
+ucrb8v.afm;fonts/afm/vntex/urwvn;
+uhvr8v.pfb;fonts/type1/vntex/urwvn;
+vnr8.mf;fonts/source/vntex/vnr;
+ubkl8v.afm;fonts/afm/vntex/urwvn;
+bchr8v.pfb;fonts/type1/vntex/chartervn;
+ubkli8v.afm;fonts/afm/vntex/urwvn;
+uhvb8v.pfb;fonts/type1/vntex/urwvn;
+ucrr8v.afm;fonts/afm/vntex/urwvn;
+vnldi.mf;fonts/source/vntex/vnr;
+ucrro8v.afm;fonts/afm/vntex/urwvn;
+vnti12.pfb;fonts/type1/vntex/vnr;
+vnrtext.map;fonts/map/dvips/vntex;
+favr8v.tfm;fonts/tfm/vntex/arevvn;
+uhvb8v.afm;fonts/afm/vntex/urwvn;
+uncb8v.afm;fonts/afm/vntex/urwvn;
+vntex.tpm;tpm/packages;
+vnsl10.pfb;fonts/type1/vntex/vnr;
+vnbx7.mf;fonts/source/vntex/vnr;
+putb8v.pfb;fonts/type1/vntex/vntopia;
+bchrc8v.tfm;fonts/tfm/vntex/chartervn;
+uncbi8v.afm;fonts/afm/vntex/urwvn;
+txttvn.map;fonts/map/dvips/vntex;
+uncr8v.afm;fonts/afm/vntex/urwvn;
+vnccti10.tfm;fonts/tfm/vntex/concretevn;
+chartervn.map;fonts/map/dvips/vntex;
+txttsl8v.tfm;fonts/tfm/vntex/txttvn;
+vnssi8.mf;fonts/source/vntex/vnr;
+uncri8v.afm;fonts/afm/vntex/urwvn;
+uplb8v.afm;fonts/afm/vntex/urwvn;
+uplr8v.afm;fonts/afm/vntex/urwvn;
+putri8v.pfb;fonts/type1/vntex/vntopia;
+uplri8v.afm;fonts/afm/vntex/urwvn;
+t5d.enc;fonts/enc/pdftex/vntex;
+utmb8v.afm;fonts/afm/vntex/urwvn;
+putb8v.afm;fonts/afm/vntex/vntopia;
+vnbxsl10.mf;fonts/source/vntex/vnr;
+t5enc.def;tex/latex/vntex;
+arevvn.map;fonts/map/dvips/vntex;
+utmr8v.afm;fonts/afm/vntex/urwvn;
+putr8v.afm;fonts/afm/vntex/vntopia;
+utmri8v.afm;fonts/afm/vntex/urwvn;
+putri8v.afm;fonts/afm/vntex/vntopia;
+vnssi10.pfb;fonts/type1/vntex/vnr;
+vntopia.map;fonts/map/dvips/vntex;
+ubkdc8v.vf;fonts/vf/vntex/urwvn;
+t5.enc;fonts/enc/dvips/vntex;
+uhvrc8v.vf;fonts/vf/vntex/urwvn;
+utmbi8v.pfb;fonts/type1/vntex/urwvn;
+ucrbo8v.pfb;fonts/type1/vntex/urwvn;
+utmb8v.tfm;fonts/tfm/vntex/urwvn;
+t5uni.enc;fonts/enc/pdftex/vntex;
+cmbrightvn.map;fonts/map/dvips/vntex;
+concretevn.map;fonts/map/dvips/vntex;
+vnssi9.tfm;fonts/tfm/vntex/vnr;
+txttsc8v.tfm;fonts/tfm/vntex/txttvn;
+vnrother.map;fonts/map/dvips/vntex;
+vnti10.mf;fonts/source/vntex/vnr;
+vnaccent.mf;fonts/source/vntex/vnr;
+vnti12.tfm;fonts/tfm/vntex/vnr;
+vnacomp.mf;fonts/source/vntex/vnr;
+utmbc8v.tfm;fonts/tfm/vntex/urwvn;
+vnbase.mf;fonts/source/vntex/vnr;
+vnbx5.mf;fonts/source/vntex/vnr;
+vntt9.pfb;fonts/type1/vntex/vnr;
+vnbx6.mf;fonts/source/vntex/vnr;
+vnssq8.pfb;fonts/type1/vntex/vnr;
+vnbxti10.mf;fonts/source/vntex/vnr;
+ucrb8v.pfb;fonts/type1/vntex/urwvn;
+vnssi17.mf;fonts/source/vntex/vnr;
+vncligtb.mf;fonts/source/vntex/vnr;
+vnlacc.mf;fonts/source/vntex/vnr;
+vncode.mf;fonts/source/vntex/vnr;
+vncombac.mf;fonts/source/vntex/vnr;
+vncsc.mf;fonts/source/vntex/vnr;
+viscii.def;tex/latex/vntex;
+vncsc10.mf;fonts/source/vntex/vnr;
+vietnam.sty;tex/latex/vntex;
+vndothook.mf;fonts/source/vntex/vnr;
+vnvtt10.pfb;fonts/type1/vntex/vnr;
+vndunh10.mf;fonts/source/vntex/vnr;
+vnecomp.mf;fonts/source/vntex/vnr;
+vnff10.mf;fonts/source/vntex/vnr;
+t5ptmom.fd;tex/latex/vntex;
+vnfi10.mf;fonts/source/vntex/vnr;
+vnfib8.mf;fonts/source/vntex/vnr;
+vnicomp.mf;fonts/source/vntex/vnr;
+vniligtb.mf;fonts/source/vntex/vnr;
+vnss17.tfm;fonts/tfm/vntex/vnr;
+vnlai.mf;fonts/source/vntex/vnr;
+uagdo8v.pfb;fonts/type1/vntex/urwvn;
+vnlar.mf;fonts/source/vntex/vnr;
+vnldr.mf;fonts/source/vntex/vnr;
+vnlei.mf;fonts/source/vntex/vnr;
+txbttsc8v.pfb;fonts/type1/vntex/txttvn;
+ubklc8v.tfm;fonts/tfm/vntex/urwvn;
+vnler.mf;fonts/source/vntex/vnr;
+vnlii.mf;fonts/source/vntex/vnr;
+vnlir.mf;fonts/source/vntex/vnr;
+vnloi.mf;fonts/source/vntex/vnr;
+ArevSans-Roman-T5.pfb;fonts/type1/vntex/arevvn;
+vnlui.mf;fonts/source/vntex/vnr;
+bchro8v.tfm;fonts/tfm/vntex/chartervn;
+vnlur.mf;fonts/source/vntex/vnr;
+t5fav.fd;tex/latex/vntex;
+vntt10.pfb;fonts/type1/vntex/vnr;
+vnlyi.mf;fonts/source/vntex/vnr;
+vnsl8.tfm;fonts/tfm/vntex/vnr;
+vnlyr.mf;fonts/source/vntex/vnr;
+vnminus.mf;fonts/source/vntex/vnr;
+vnr7.mf;fonts/source/vntex/vnr;
+vnmligtb.mf;fonts/source/vntex/vnr;
+t5cmfib.fd;tex/latex/vntex;
+vnocomp.mf;fonts/source/vntex/vnr;
+swpvntex.sty;tex/latex/vntex;
+vnr10.mf;fonts/source/vntex/vnr;
+uplr8v.tfm;fonts/tfm/vntex/urwvn;
+ubkli8v.tfm;fonts/tfm/vntex/urwvn;
+vnr12.mf;fonts/source/vntex/vnr;
+vnr17.mf;fonts/source/vntex/vnr;
+t5mdput.fd;tex/latex/vntex;
+vnr5.mf;fonts/source/vntex/vnr;
+vnbx7.pfb;fonts/type1/vntex/vnr;
+vnr6.mf;fonts/source/vntex/vnr;
+vnbxsl10.pfb;fonts/type1/vntex/vnr;
+vnr9.mf;fonts/source/vntex/vnr;
+uplr8v.pfb;fonts/type1/vntex/urwvn;
+vncmbr8.tfm;fonts/tfm/vntex/cmbrightvn;
+vnrligtb.mf;fonts/source/vntex/vnr;
+vntt8.pfb;fonts/type1/vntex/vnr;
+bchbi8v.tfm;fonts/tfm/vntex/chartervn;
+vnrm.mf;fonts/source/vntex/vnr;
+t5pxr.fd;tex/latex/vntex;
+vnbx10.tfm;fonts/tfm/vntex/vnr;
+vnroman.mf;fonts/source/vntex/vnr;
+vnsl10.mf;fonts/source/vntex/vnr;
+vnsl12.mf;fonts/source/vntex/vnr;
+uncro8v.tfm;fonts/tfm/vntex/urwvn;
+vnsl8.mf;fonts/source/vntex/vnr;
+vntcsc10.mf;fonts/source/vntex/vnr;
+vnsl9.mf;fonts/source/vntex/vnr;
+uncr8v.tfm;fonts/tfm/vntex/urwvn;
+vnsltt10.mf;fonts/source/vntex/vnr;
+vntt9.tfm;fonts/tfm/vntex/vnr;
+vnss12.mf;fonts/source/vntex/vnr;
+vnss17.mf;fonts/source/vntex/vnr;
+uagko8v.pfb;fonts/type1/vntex/urwvn;
+vnr17.tfm;fonts/tfm/vntex/vnr;
+vnss8.mf;fonts/source/vntex/vnr;
+vnss9.mf;fonts/source/vntex/vnr;
+utmrc8v.tfm;fonts/tfm/vntex/urwvn;
+vnssbx10.mf;fonts/source/vntex/vnr;
+vnuor.mf;fonts/source/vntex/vnr;
+vnssdc10.mf;fonts/source/vntex/vnr;
+vndunh10.tfm;fonts/tfm/vntex/vnr;
+vnssi10.mf;fonts/source/vntex/vnr;
+vnsltt10.tfm;fonts/tfm/vntex/vnr;
+vnssi12.mf;fonts/source/vntex/vnr;
+uplb8v.pfb;fonts/type1/vntex/urwvn;
+vnr6.tfm;fonts/tfm/vntex/vnr;
+vnssi9.mf;fonts/source/vntex/vnr;
+vnssq8.mf;fonts/source/vntex/vnr;
+vnti7.tfm;fonts/tfm/vntex/vnr;
+vnssqi8.mf;fonts/source/vntex/vnr;
+vntextit.mf;fonts/source/vntex/vnr;
+vnti12.mf;fonts/source/vntex/vnr;
+vnti7.mf;fonts/source/vntex/vnr;
+ubkd8v.pfb;fonts/type1/vntex/urwvn;
+vnb10.tfm;fonts/tfm/vntex/vnr;
+vnti8.mf;fonts/source/vntex/vnr;
+vnti9.mf;fonts/source/vntex/vnr;
+vntt10.mf;fonts/source/vntex/vnr;
+vntt12.mf;fonts/source/vntex/vnr;
+vntt8.mf;fonts/source/vntex/vnr;
+vntt9.mf;fonts/source/vntex/vnr;
+fplrc8v.pfb;fonts/type1/vntex/urwvn;
+vncmbrsl8.pfb;fonts/type1/vntex/cmbrightvn;
+vnss8.tfm;fonts/tfm/vntex/vnr;
+vnu10.mf;fonts/source/vntex/vnr;
+vnuacc.mf;fonts/source/vntex/vnr;
+vnuar.mf;fonts/source/vntex/vnr;
+vnucomp.mf;fonts/source/vntex/vnr;
+uncbc8v.tfm;fonts/tfm/vntex/urwvn;
+vnudr.mf;fonts/source/vntex/vnr;
+vntt12.pfb;fonts/type1/vntex/vnr;
+vnuer.mf;fonts/source/vntex/vnr;
+vnuir.mf;fonts/source/vntex/vnr;
+vnuur.mf;fonts/source/vntex/vnr;
+vnuyr.mf;fonts/source/vntex/vnr;
+vnti8.tfm;fonts/tfm/vntex/vnr;
+vnvtt10.mf;fonts/source/vntex/vnr;
+t5ptm.fd;tex/latex/vntex;
+bchbi8v.pfb;fonts/type1/vntex/chartervn;
+vnycomp.mf;fonts/source/vntex/vnr;
+txttsc8v.pfb;fonts/type1/vntex/txttvn;
+favb8v.tfm;fonts/tfm/vntex/arevvn;
+favbi8v.tfm;fonts/tfm/vntex/arevvn;
+vnssi12.tfm;fonts/tfm/vntex/vnr;
+uagdo8v.tfm;fonts/tfm/vntex/urwvn;
+favri8v.tfm;fonts/tfm/vntex/arevvn;
+t5pbk.fd;tex/latex/vntex;
+bchb8v.tfm;fonts/tfm/vntex/chartervn;
+uncrc8v.vf;fonts/vf/vntex/urwvn;
+putr8v.pfb;fonts/type1/vntex/vntopia;
+bchbc8v.tfm;fonts/tfm/vntex/chartervn;
+uhvb8v.tfm;fonts/tfm/vntex/urwvn;
+bchbo8v.tfm;fonts/tfm/vntex/chartervn;
+bchr8v.tfm;fonts/tfm/vntex/chartervn;
+bchri8v.tfm;fonts/tfm/vntex/chartervn;
+vnti10.pfb;fonts/type1/vntex/vnr;
+vncmbr10.tfm;fonts/tfm/vntex/cmbrightvn;
+vncmbr17.tfm;fonts/tfm/vntex/cmbrightvn;
+uncrc8v.tfm;fonts/tfm/vntex/urwvn;
+vncmbrbx10.tfm;fonts/tfm/vntex/cmbrightvn;
+vncmbrsl10.tfm;fonts/tfm/vntex/cmbrightvn;
+vncmbrsl17.tfm;fonts/tfm/vntex/cmbrightvn;
+uhvbo8v.pfb;fonts/type1/vntex/urwvn;
+vncmbrsl8.tfm;fonts/tfm/vntex/cmbrightvn;
+vncmsltl10.tfm;fonts/tfm/vntex/cmbrightvn;
+vncmtl10.tfm;fonts/tfm/vntex/cmbrightvn;
+vnss10.tfm;fonts/tfm/vntex/vnr;
+vncccsc10.tfm;fonts/tfm/vntex/concretevn;
+vnu10.tfm;fonts/tfm/vntex/vnr;
+vnccr10.tfm;fonts/tfm/vntex/concretevn;
+vnccsl10.tfm;fonts/tfm/vntex/concretevn;
+vnsl12.tfm;fonts/tfm/vntex/vnr;
+ugqb8v.tfm;fonts/tfm/vntex/grotesqvn;
+vnsl9.pfb;fonts/type1/vntex/vnr;
+vnbx12.tfm;fonts/tfm/vntex/vnr;
+ugqbo8v.tfm;fonts/tfm/vntex/grotesqvn;
+txbtt8v.tfm;fonts/tfm/vntex/txttvn;
+t5cmssq.fd;tex/latex/vntex;
+txbttsc8v.tfm;fonts/tfm/vntex/txttvn;
+txbttsl8v.tfm;fonts/tfm/vntex/txttvn;
+vnr5.pfb;fonts/type1/vntex/vnr;
+txtt8v.tfm;fonts/tfm/vntex/txttvn;
+ubklo8v.tfm;fonts/tfm/vntex/urwvn;
+fplrc8v.tfm;fonts/tfm/vntex/urwvn;
+uagd8v.tfm;fonts/tfm/vntex/urwvn;
+vnsl8.pfb;fonts/type1/vntex/vnr;
+uagdc8v.tfm;fonts/tfm/vntex/urwvn;
+vnr7.pfb;fonts/type1/vntex/vnr;
+uagk8v.tfm;fonts/tfm/vntex/urwvn;
+putri8v.tfm;fonts/tfm/vntex/vntopia;
+vnbx5.tfm;fonts/tfm/vntex/vnr;
+uagkc8v.tfm;fonts/tfm/vntex/urwvn;
+uagko8v.tfm;fonts/tfm/vntex/urwvn;
+ucrr8v.tfm;fonts/tfm/vntex/urwvn;
+ubkd8v.tfm;fonts/tfm/vntex/urwvn;
+ucrrc8v.tfm;fonts/tfm/vntex/urwvn;
+ubkdc8v.tfm;fonts/tfm/vntex/urwvn;
+ubkdi8v.tfm;fonts/tfm/vntex/urwvn;
+ucrro8v.tfm;fonts/tfm/vntex/urwvn;
+ubkdo8v.tfm;fonts/tfm/vntex/urwvn;
+ubkl8v.tfm;fonts/tfm/vntex/urwvn;
+vnbxti10.tfm;fonts/tfm/vntex/vnr;
+ucrb8v.tfm;fonts/tfm/vntex/urwvn;
+ucrbc8v.tfm;fonts/tfm/vntex/urwvn;
+vnssdc10.pfb;fonts/type1/vntex/vnr;
+ucrbo8v.tfm;fonts/tfm/vntex/urwvn;
+vnssbx10.pfb;fonts/type1/vntex/vnr;
+uhvbc8v.tfm;fonts/tfm/vntex/urwvn;
+uhvbo8v.tfm;fonts/tfm/vntex/urwvn;
+vncmsltl10.pfb;fonts/type1/vntex/cmbrightvn;
+uhvr8v.tfm;fonts/tfm/vntex/urwvn;
+uhvrc8v.tfm;fonts/tfm/vntex/urwvn;
+t5bch.fd;tex/latex/vntex;
+uhvro8v.tfm;fonts/tfm/vntex/urwvn;
+uncb8v.tfm;fonts/tfm/vntex/urwvn;
+uncbi8v.tfm;fonts/tfm/vntex/urwvn;
+uncbo8v.tfm;fonts/tfm/vntex/urwvn;
+utmrc8v.vf;fonts/vf/vntex/urwvn;
+uncri8v.tfm;fonts/tfm/vntex/urwvn;
+uplb8v.tfm;fonts/tfm/vntex/urwvn;
+ArevSans-Oblique-T5.pfb;fonts/type1/vntex/arevvn;
+uplbc8v.tfm;fonts/tfm/vntex/urwvn;
+uplbi8v.tfm;fonts/tfm/vntex/urwvn;
+uplbo8v.tfm;fonts/tfm/vntex/urwvn;
+uplrc8v.tfm;fonts/tfm/vntex/urwvn;
+uplro8v.tfm;fonts/tfm/vntex/urwvn;
+utmbi8v.tfm;fonts/tfm/vntex/urwvn;
+utmbo8v.tfm;fonts/tfm/vntex/urwvn;
+utmri8v.pfb;fonts/type1/vntex/urwvn;
+utmr8v.tfm;fonts/tfm/vntex/urwvn;
+utmri8v.tfm;fonts/tfm/vntex/urwvn;
+utmro8v.tfm;fonts/tfm/vntex/urwvn;
+uzcmi8v.tfm;fonts/tfm/vntex/urwvn;
+vnbx6.tfm;fonts/tfm/vntex/vnr;
+vnbx7.tfm;fonts/tfm/vntex/vnr;
+vnbx8.tfm;fonts/tfm/vntex/vnr;
+vnbx9.tfm;fonts/tfm/vntex/vnr;
+vnbxsl10.tfm;fonts/tfm/vntex/vnr;
+vncsc10.tfm;fonts/tfm/vntex/vnr;
+vnff10.tfm;fonts/tfm/vntex/vnr;
+vnfi10.tfm;fonts/tfm/vntex/vnr;
+putbc8v.tfm;fonts/tfm/vntex/vntopia;
+vnfib8.tfm;fonts/tfm/vntex/vnr;
+uncri8v.pfb;fonts/type1/vntex/urwvn;
+vnitt10.tfm;fonts/tfm/vntex/vnr;
+vnr10.tfm;fonts/tfm/vntex/vnr;
+vnr12.tfm;fonts/tfm/vntex/vnr;
+ucrr8v.pfb;fonts/type1/vntex/urwvn;
+vnr7.tfm;fonts/tfm/vntex/vnr;
+vnss12.pfb;fonts/type1/vntex/vnr;
+vnr8.tfm;fonts/tfm/vntex/vnr;
+t5cmtl.fd;tex/latex/vntex;
+vnr9.tfm;fonts/tfm/vntex/vnr;
+vnsl10.tfm;fonts/tfm/vntex/vnr;
+vnsl9.tfm;fonts/tfm/vntex/vnr;
+vnss12.tfm;fonts/tfm/vntex/vnr;
+vnssbx10.tfm;fonts/tfm/vntex/vnr;
+vnssi10.tfm;fonts/tfm/vntex/vnr;
+vnssi17.tfm;fonts/tfm/vntex/vnr;
+ucrrc8v.vf;fonts/vf/vntex/urwvn;
+ubkl8v.pfb;fonts/type1/vntex/urwvn;
+vnssi8.tfm;fonts/tfm/vntex/vnr;
+t5fpl.fd;tex/latex/vntex;
+vnssq8.tfm;fonts/tfm/vntex/vnr;
+vnssqi8.tfm;fonts/tfm/vntex/vnr;
+vnr12.pfb;fonts/type1/vntex/vnr;
+vntcsc10.tfm;fonts/tfm/vntex/vnr;
+vnti10.tfm;fonts/tfm/vntex/vnr;
+vnbx5.pfb;fonts/type1/vntex/vnr;
+uagd8v.pfb;fonts/type1/vntex/urwvn;
+vnti9.tfm;fonts/tfm/vntex/vnr;
+vntt10.tfm;fonts/tfm/vntex/vnr;
+vntt12.tfm;fonts/tfm/vntex/vnr;
+vntt8.tfm;fonts/tfm/vntex/vnr;
+putb8v.tfm;fonts/tfm/vntex/vntopia;
+putbi8v.tfm;fonts/tfm/vntex/vntopia;
+putbo8v.tfm;fonts/tfm/vntex/vntopia;
+CMConcrete8v.pfb;fonts/type1/vntex/concretevn;
+putrc8v.tfm;fonts/tfm/vntex/vntopia;
+putro8v.tfm;fonts/tfm/vntex/vntopia;
+vncmbrsl17.pfb;fonts/type1/vntex/cmbrightvn;
+ArevSans-Bold-T5.pfb;fonts/type1/vntex/arevvn;
+ArevSans-BoldOblique-T5.pfb;fonts/type1/vntex/arevvn;
+vnr6.pfb;fonts/type1/vntex/vnr;
+bchb8v.pfb;fonts/type1/vntex/chartervn;
+bchri8v.pfb;fonts/type1/vntex/chartervn;
+vncmbr10.pfb;fonts/type1/vntex/cmbrightvn;
+vncmbr17.pfb;fonts/type1/vntex/cmbrightvn;
+vncmbr8.pfb;fonts/type1/vntex/cmbrightvn;
+vncmbr9.pfb;fonts/type1/vntex/cmbrightvn;
+vnfib8.pfb;fonts/type1/vntex/vnr;
+vncmbrbx10.pfb;fonts/type1/vntex/cmbrightvn;
+putbc8v.vf;fonts/vf/vntex/vntopia;
+vncmbrsl10.pfb;fonts/type1/vntex/cmbrightvn;
+vncmbrsl9.pfb;fonts/type1/vntex/cmbrightvn;
+mcviscii.def;tex/latex/vntex;
+vncmtl10.pfb;fonts/type1/vntex/cmbrightvn;
+CMConcreteItalic8v.pfb;fonts/type1/vntex/concretevn;
+CMConcreteSlanted8v.pfb;fonts/type1/vntex/concretevn;
+uncbc8v.vf;fonts/vf/vntex/urwvn;
+vnsltt10.pfb;fonts/type1/vntex/vnr;
+CMConcreteSmallCaps8v.pfb;fonts/type1/vntex/concretevn;
+txbtt8v.pfb;fonts/type1/vntex/txttvn;
+txtt8v.pfb;fonts/type1/vntex/txttvn;
+ubkdi8v.pfb;fonts/type1/vntex/urwvn;
+ubkli8v.pfb;fonts/type1/vntex/urwvn;
+ucrro8v.pfb;fonts/type1/vntex/urwvn;
+uhvro8v.pfb;fonts/type1/vntex/urwvn;
+uncb8v.pfb;fonts/type1/vntex/urwvn;
+uncbi8v.pfb;fonts/type1/vntex/urwvn;
+uncr8v.pfb;fonts/type1/vntex/urwvn;
+t5futs.fd;tex/latex/vntex;
+utmb8v.pfb;fonts/type1/vntex/urwvn;
+uplbi8v.pfb;fonts/type1/vntex/urwvn;
+uplri8v.pfb;fonts/type1/vntex/urwvn;
+utmr8v.pfb;fonts/type1/vntex/urwvn;
+t5txtt.fd;tex/latex/vntex;
+uzcmi8v.pfb;fonts/type1/vntex/urwvn;
+t5upl.fd;tex/latex/vntex;
+vnb10.pfb;fonts/type1/vntex/vnr;
+vnbx10.pfb;fonts/type1/vntex/vnr;
+vnbx9.pfb;fonts/type1/vntex/vnr;
+vnbx12.pfb;fonts/type1/vntex/vnr;
+ucrbc8v.vf;fonts/vf/vntex/urwvn;
+vnbx6.pfb;fonts/type1/vntex/vnr;
+vnbx8.pfb;fonts/type1/vntex/vnr;
+vncsc10.pfb;fonts/type1/vntex/vnr;
+vndunh10.pfb;fonts/type1/vntex/vnr;
+vnff10.pfb;fonts/type1/vntex/vnr;
+vnfi10.pfb;fonts/type1/vntex/vnr;
+vnssi12.pfb;fonts/type1/vntex/vnr;
+vnitt10.pfb;fonts/type1/vntex/vnr;
+vnr10.pfb;fonts/type1/vntex/vnr;
+vnr17.pfb;fonts/type1/vntex/vnr;
+vnr8.pfb;fonts/type1/vntex/vnr;
+vnr9.pfb;fonts/type1/vntex/vnr;
+vnsl12.pfb;fonts/type1/vntex/vnr;
+vnssi8.pfb;fonts/type1/vntex/vnr;
+vnss10.pfb;fonts/type1/vntex/vnr;
+vnss17.pfb;fonts/type1/vntex/vnr;
+vnss8.pfb;fonts/type1/vntex/vnr;
+vnss9.pfb;fonts/type1/vntex/vnr;
+vnssi17.pfb;fonts/type1/vntex/vnr;
+vnssi9.pfb;fonts/type1/vntex/vnr;
+vnssqi8.pfb;fonts/type1/vntex/vnr;
+vntcsc10.pfb;fonts/type1/vntex/vnr;
+vnti7.pfb;fonts/type1/vntex/vnr;
+vnti8.pfb;fonts/type1/vntex/vnr;
+vnti9.pfb;fonts/type1/vntex/vnr;
+vnu10.pfb;fonts/type1/vntex/vnr;
+putbi8v.pfb;fonts/type1/vntex/vntopia;
+bchbc8v.vf;fonts/vf/vntex/chartervn;
+bchrc8v.vf;fonts/vf/vntex/chartervn;
+uagdc8v.vf;fonts/vf/vntex/urwvn;
+t5ucr.fd;tex/latex/vntex;
+uagkc8v.vf;fonts/vf/vntex/urwvn;
+ubklc8v.vf;fonts/vf/vntex/urwvn;
+uhvbc8v.vf;fonts/vf/vntex/urwvn;
+uplbc8v.vf;fonts/vf/vntex/urwvn;
+uplrc8v.vf;fonts/vf/vntex/urwvn;
+t5unc.fd;tex/latex/vntex;
+utmbc8v.vf;fonts/vf/vntex/urwvn;
+putrc8v.vf;fonts/vf/vntex/vntopia;
+dblaccnt.sty;tex/latex/vntex;
+pd1supp.def;tex/latex/vntex;
+t5cmbr.fd;tex/latex/vntex;
+t5cmdh.fd;tex/latex/vntex;
+t5txr.fd;tex/latex/vntex;
+t5cmss.fd;tex/latex/vntex;
+t5cmtt.fd;tex/latex/vntex;
+t5cmvtt.fd;tex/latex/vntex;
+t5enc.dfu;tex/latex/vntex;
+t5fnc.fd;tex/latex/vntex;
+t5pnc.fd;tex/latex/vntex;
+t5mak.fd;tex/latex/vntex;
+t5pag.fd;tex/latex/vntex;
+t5mdugm.fd;tex/latex/vntex;
+t5phv.fd;tex/latex/vntex;
+t5put.fd;tex/latex/vntex;
+t5uag.fd;tex/latex/vntex;
+t5ubk.fd;tex/latex/vntex;
+t5ugq.fd;tex/latex/vntex;
+t5uhv.fd;tex/latex/vntex;
+t5uzcm.fd;tex/latex/vntex;
+tcvn.def;tex/latex/vntex;
+varioref-vi.sty;tex/latex/vntex;
+vncaps.tex;tex/latex/vntex;
+vntex.sty;tex/latex/vntex;
+dblaccnt.tex;tex/plain/vntex;
+t5code.tex;tex/plain/vntex;
+vntexinfo.tex;tex/plain/vntex;
+README;doc/latex/babel-vietnamese;
+vietnamese.pdf;doc/latex/babel-vietnamese;
+babel-vietnamese-src.tar.bz2;source;
+vietnamese.ldf;tex/latex/babel-vietnamese;
+babel-vietnamese.tpm;tpm/packages;
+mathtools.tpm;tpm/packages;
+mathtools.sty;tex/latex/mathtools;
+empheq.sty;tex/latex/mathtools;
+mhsetup.sty;tex/latex/mathtools;
+booktabs.pdf;doc/latex/booktabs;
+README;doc/latex/booktabs;
+booktabs-src.tar.xz;source;
+booktabs.sty;tex/latex/booktabs;
+booktabs.tpm;tpm/packages;
+multirow.tpm;tpm/packages;
+bigstrut.sty;tex/latex/multirow;
+bigdelim.sty;tex/latex/multirow;
+multirow.sty;tex/latex/multirow;
+float.pdf;doc/latex/float;
+README;doc/latex/float;
+float-src.tar.xz;source;
+float.sty;tex/latex/float;
+float.tpm;tpm/packages;
+caption.tpm;tpm/packages;
+caption3_2020-10-26.sty;tex/latex/caption;
+caption3_2020-07-29.sty;tex/latex/caption;
+caption3_2011-11-01.sty;tex/latex/caption;
+caption3_2019-09-01.sty;tex/latex/caption;
+caption.sty;tex/latex/caption;
+subcaption.sty;tex/latex/caption;
+ltcaption.sty;tex/latex/caption;
+caption2_2005-10-03.sty;tex/latex/caption;
+caption_2020-07-29.sty;tex/latex/caption;
+caption_2011-11-10.sty;tex/latex/caption;
+caption-elsarticle.sto;tex/latex/caption;
+caption3.sty;tex/latex/caption;
+caption-light.sty;tex/latex/caption;
+caption-ntg.sto;tex/latex/caption;
+caption_2007-04-16.sty;tex/latex/caption;
+caption-memoir.sto;tex/latex/caption;
+caption-thesis.sto;tex/latex/caption;
+caption-koma.sto;tex/latex/caption;
+caption-ams-smf.sto;tex/latex/caption;
+caption_1995-04-05.sty;tex/latex/caption;
+caption3_2007-04-11.sty;tex/latex/caption;
+caption_2019-09-01.sty;tex/latex/caption;
+caption2.sty;tex/latex/caption;
+bicaption.sty;tex/latex/caption;
+caption3_2010-01-14.sty;tex/latex/caption;
+caption-beamer.sto;tex/latex/caption;
+caption_2020-10-26.sty;tex/latex/caption;
+caption_2010-01-09.sty;tex/latex/caption;
+caption2_1995-10-09.sty;tex/latex/caption;
+needspace.tpm;tpm/packages;
+needspace.sty;tex/latex/needspace;
+enumitem.tpm;tpm/packages;
+enumitem.sty;tex/latex/enumitem;
+tikzfill.tpm;tpm/packages;
+tikzfill.geomarray.sty;tex/latex/tikzfill;
+tikzlibraryfill.geomarray.code.tex;tex/latex/tikzfill;
+tikzlibraryfill.hexagon.code.tex;tex/latex/tikzfill;
+tikzfill.sty;tex/latex/tikzfill;
+tikzfill.hexagon.sty;tex/latex/tikzfill;
+tikzfill.rhombus.sty;tex/latex/tikzfill;
+tikzfill.image.sty;tex/latex/tikzfill;
+tikzlibraryfill.rhombus.code.tex;tex/latex/tikzfill;
+tikzlibraryfill.image.code.tex;tex/latex/tikzfill;
+pdfcol.sty;tex/latex/pdfcol;
+pdfcol.tpm;tpm/packages;
+ltxcmds.tpm;tpm/packages;
+ltxcmds.sty;tex/generic/ltxcmds;
+infwarerr.pdf;doc/latex/infwarerr;
+infwarerr-src.tar.xz;source;
+README.md;doc/latex/infwarerr;
+infwarerr.sty;tex/generic/infwarerr;
+infwarerr.tpm;tpm/packages;
+listingsutf8.pdf;doc/latex/listingsutf8;
+README.md;doc/latex/listingsutf8;
+listingsutf8-src.tar.xz;source;
+listingsutf8.sty;tex/latex/listingsutf8;
+listingsutf8.tpm;tpm/packages;
+README.md;doc/latex/stringenc;
+stringenc.pdf;doc/latex/stringenc;
+stringenc-src.tar.xz;source;
+se-ascii-print.def;tex/generic/stringenc;
+se-ascii.def;tex/generic/stringenc;
+se-clean7bit.def;tex/generic/stringenc;
+se-cp1250.def;tex/generic/stringenc;
+se-cp1251.def;tex/generic/stringenc;
+se-utf16le.def;tex/generic/stringenc;
+se-cp1252.def;tex/generic/stringenc;
+se-pdfdoc.def;tex/generic/stringenc;
+se-cp1257.def;tex/generic/stringenc;
+se-cp437.def;tex/generic/stringenc;
+se-cp850.def;tex/generic/stringenc;
+se-cp852.def;tex/generic/stringenc;
+se-cp855.def;tex/generic/stringenc;
+se-cp858.def;tex/generic/stringenc;
+se-cp865.def;tex/generic/stringenc;
+se-cp866.def;tex/generic/stringenc;
+se-dec-mcs.def;tex/generic/stringenc;
+se-iso-8859-1.def;tex/generic/stringenc;
+se-iso-8859-10.def;tex/generic/stringenc;
+se-iso-8859-11.def;tex/generic/stringenc;
+se-iso-8859-13.def;tex/generic/stringenc;
+se-iso-8859-14.def;tex/generic/stringenc;
+se-iso-8859-15.def;tex/generic/stringenc;
+se-iso-8859-16.def;tex/generic/stringenc;
+se-iso-8859-2.def;tex/generic/stringenc;
+se-iso-8859-3.def;tex/generic/stringenc;
+se-iso-8859-4.def;tex/generic/stringenc;
+se-iso-8859-5.def;tex/generic/stringenc;
+se-iso-8859-6.def;tex/generic/stringenc;
+se-iso-8859-7.def;tex/generic/stringenc;
+se-iso-8859-8.def;tex/generic/stringenc;
+se-iso-8859-9.def;tex/generic/stringenc;
+se-koi8-r.def;tex/generic/stringenc;
+se-mac-centeuro.def;tex/generic/stringenc;
+se-mac-cyrillic.def;tex/generic/stringenc;
+se-mac-roman.def;tex/generic/stringenc;
+se-nextstep.def;tex/generic/stringenc;
+se-utf32be.def;tex/generic/stringenc;
+stringenc.sty;tex/generic/stringenc;
+se-utf32le.def;tex/generic/stringenc;
+se-utf8.def;tex/generic/stringenc;
+stringenc.tpm;tpm/packages;
+pdfescape.pdf;doc/latex/pdfescape;
+README.md;doc/latex/pdfescape;
+pdfescape-src.tar.xz;source;
+pdfescape.sty;tex/generic/pdfescape;
+pdfescape.tpm;tpm/packages;
+microtype.tpm;tpm/packages;
+mt-pmn.cfg;tex/latex/microtype;
+mt-LatinModernRoman.cfg;tex/latex/microtype;
+mt-TU-basic.cfg;tex/latex/microtype;
+microtype-xetex.def;tex/latex/microtype;
+microtype-luatex.def;tex/latex/microtype;
+mt-eur.cfg;tex/latex/microtype;
+mt-msa.cfg;tex/latex/microtype;
+mt-cmr.cfg;tex/latex/microtype;
+mt-ptm.cfg;tex/latex/microtype;
+mt-CharisSIL.cfg;tex/latex/microtype;
+microtype-pdftex.def;tex/latex/microtype;
+mt-bch.cfg;tex/latex/microtype;
+microtype-show.sty;tex/latex/microtype;
+mt-blg.cfg;tex/latex/microtype;
+letterspace.sty;tex/latex/microtype;
+mt-euf.cfg;tex/latex/microtype;
+mt-NewComputerModern.cfg;tex/latex/microtype;
+mt-ugm.cfg;tex/latex/microtype;
+mt-Palatino.cfg;tex/latex/microtype;
+mt-msb.cfg;tex/latex/microtype;
+mt-ppl.cfg;tex/latex/microtype;
+mt-EBGaramond.cfg;tex/latex/microtype;
+mt-zpeu.cfg;tex/latex/microtype;
+mt-eus.cfg;tex/latex/microtype;
+mt-TU-empty.cfg;tex/latex/microtype;
+microtype.cfg;tex/latex/microtype;
+microtype.lua;tex/latex/microtype;
+mt-mvs.cfg;tex/latex/microtype;
+microtype.sty;tex/latex/microtype;
+csquotes.tpm;tpm/packages;
+csquotes.def;tex/latex/csquotes;
+csquotes.sty;tex/latex/csquotes;
+csq-compat.def;tex/latex/csquotes;
+csquotes.cfg;tex/latex/csquotes;
+example-mycolorsetup.sty;tex/latex/kvoptions;
+kvoptions-patch.sty;tex/latex/kvoptions;
+kvoptions.sty;tex/latex/kvoptions;
+kvoptions.tpm;tpm/packages;
+kvsetkeys.sty;tex/latex/kvsetkeys;
+kvsetkeys.tpm;tpm/packages;
+01-basic.run.xml;doc/latex/logreq/examples;
+01-basic.tex;doc/latex/logreq/examples;
+02-index.run.xml;doc/latex/logreq/examples;
+02-index.tex;doc/latex/logreq/examples;
+03-biblatex+bibtex8.run.xml;doc/latex/logreq/examples;
+03-biblatex+bibtex8.tex;doc/latex/logreq/examples;
+04-biblatex+bibtex+refsections.run.xml;doc/latex/logreq/examples;
+04-biblatex+bibtex+refsections.tex;doc/latex/logreq/examples;
+05-biblatex+biber.run.xml;doc/latex/logreq/examples;
+05-biblatex+biber.tex;doc/latex/logreq/examples;
+README;doc/latex/logreq;
+logreq.def;tex/latex/logreq;
+logreq.sty;tex/latex/logreq;
+logreq.tpm;tpm/packages;
+geometry.tpm;tpm/packages;
+geometry.cfg;tex/latex/geometry;
+geometry.sty;tex/latex/geometry;
+kvdefinekeys.pdf;doc/latex/kvdefinekeys;
+README.md;doc/latex/kvdefinekeys;
+kvdefinekeys-src.tar.xz;source;
+kvdefinekeys.sty;tex/generic/kvdefinekeys;
+kvdefinekeys.tpm;tpm/packages;
+hycolor.pdf;doc/latex/hycolor;
+README.md;doc/latex/hycolor;
+hycolor-src.tar.xz;source;
+hycolor.sty;tex/latex/hycolor;
+xcolor-patch.sty;tex/latex/hycolor;
+hycolor.tpm;tpm/packages;
+README.md;doc/latex/refcount;
+refcount.pdf;doc/latex/refcount;
+refcount-src.tar.xz;source;
+refcount.sty;tex/latex/refcount;
+refcount.tpm;tpm/packages;
+gettitlestring.pdf;doc/latex/gettitlestring;
+README.md;doc/latex/gettitlestring;
+gettitlestring-src.tar.xz;source;
+gettitlestring.sty;tex/generic/gettitlestring;
+gettitlestring.tpm;tpm/packages;
+intcalc.pdf;doc/latex/intcalc;
+README.md;doc/latex/intcalc;
+intcalc-src.tar.xz;source;
+intcalc.sty;tex/generic/intcalc;
+intcalc.tpm;tpm/packages;
+bitset.pdf;doc/latex/bitset;
+README.md;doc/latex/bitset;
+bitset-src.tar.xz;source;
+bitset.sty;tex/generic/bitset;
+bitset.tpm;tpm/packages;
+bigintcalc.pdf;doc/latex/bigintcalc;
+README.md;doc/latex/bigintcalc;
+bigintcalc-src.tar.xz;source;
+bigintcalc.sty;tex/generic/bigintcalc;
+bigintcalc.tpm;tpm/packages;
+rerunfilecheck.tpm;tpm/packages;
+rerunfilecheck.sty;tex/latex/rerunfilecheck;
+README.md;doc/latex/uniquecounter;
+uniquecounter-example.tex;doc/latex/uniquecounter;
+uniquecounter.pdf;doc/latex/uniquecounter;
+uniquecounter-src.tar.xz;source;
+uniquecounter.sty;tex/generic/uniquecounter;
+uniquecounter.tpm;tpm/packages;
+cleveref.pdf;doc/latex/cleveref;
+README;doc/latex/cleveref;
+cleveref-src.tar.xz;source;
+cleveref.sty;tex/latex/cleveref;
+cleveref.tpm;tpm/packages;
+eso-pic.tpm;tpm/packages;
+eso-pic.sty;tex/latex/eso-pic;
+showframe.sty;tex/latex/eso-pic;
+fancyhdr.tpm;tpm/packages;
+extramarks.sty;tex/latex/fancyhdr;
+fancyheadings.sty;tex/latex/fancyhdr;
+extramarks-v4.sty;tex/latex/fancyhdr;
+fancyhdr.sty;tex/latex/fancyhdr;
+titlesec.tpm;tpm/packages;
+titlesec.sty;tex/latex/titlesec;
+titleps.sty;tex/latex/titlesec;
+titletoc.sty;tex/latex/titlesec;
+README;doc/latex/tocloft;
+tocloft.pdf;doc/latex/tocloft;
+tocloft-src.tar.xz;source;
+tocloft.sty;tex/latex/tocloft;
+tocloft.tpm;tpm/packages;
